fvin 1 1 3
fvin 2 3
fvin 3 2 3
fvin 4 3 4
fvin 5 2 3 4
fvin 6 3 4
fvin 7 1 2 3 4
