fvin 1 1 2 3
fvin 2 1 2 3
fvin 3 2 3
fvin 4 3
fvin 5
