fvin 1 1
fvin 2 1 2
fvin 3 1 3
fvin 4 1 2
fvin 5 1 2
