fvin 1
fvin 2
fvin 3 13
fvin 4
fvin 5
fvin 6 13
fvin 7 1 2 4 6 8 10 11 12 13 15 16 18 19 20
fvin 8 10
fvin 9 2 10 15 16 20
fvin 10 17
fvin 11
fvin 12 4 11 12 19
fvin 13 10
fvin 14 1
fvin 15 10
fvin 16 2 10 15 16 20
fvin 17 10
fvin 18 16
fvin 19 4 10 16 20
fvin 20 1 2 4 6 8 10 11 12 13 15 16 18 19 20
fvin 21 10
fvin 22 1 2 4 10 12 15 16 17 19 20
fvin 23 1 2 3 4 5 6 7 8 9 10 11 12 13 14 15 16 17 18 19 20
fvin 24 2 10 15 16 20
fvin 25 1 2 3 4 5 6 7 8 9 10 11 12 13 14 15 16 17 18 19 20
fvin 26 1 2 3 4 5 6 7 8 9 10 11 12 13 14 15 16 17 18 19 20
fvin 27 10 16 20
fvin 28 1 2 4 6 8 10 11 12 13 15 16 18 19 20
fvin 29 10 16 20
fvin 30 1 2 3 4 5 6 7 8 9 10 11 12 13 14 15 16 17 18 19 20
fvin 31 1 2 4 6 8 10 11 12 13 15 16 18 19 20
fvin 32 1 2 4 6 8 10 11 12 13 15 16 18 19 20
fvin 33 2 10 16 20
fvin 34 1 2 4 6 8 10 11 12 13 15 16 18 19 20
fvin 35 1 2 3 4 5 6 7 8 9 10 11 12 13 14 15 16 17 18 19 20
fvin 36 1 2 3 4 5 6 7 8 9 10 11 12 13 14 15 16 17 18 19 20
fvin 37 1 2 3 4 5 6 7 8 9 10 11 12 13 14 15 16 17 18 19 20
fvin 38 1 2 3 4 5 6 7 8 9 10 11 12 13 14 15 16 17 18 19 20
fvin 39 1 2 3 4 5 6 7 8 9 10 11 12 13 14 15 16 17 18 19 20
fvin 40 1 2 3 4 5 6 7 8 9 10 11 12 13 14 15 16 17 18 19 20
fvin 41 2 10 16 20
fvin 42 1 2 4 6 8 10 11 12 13 15 16 18 19 20
fvin 43 1 2 3 4 5 6 7 8 9 10 11 12 13 14 15 16 17 18 19 20
fvin 44 1 2 3 4 5 6 7 8 9 10 11 12 13 14 15 16 17 18 19 20
fvin 45 1 2 4 6 8 10 11 12 13 15 16 18 19 20
fvin 46 1 2 3 4 5 6 7 8 9 10 11 12 13 14 15 16 17 18 19 20
fvin 47 1 2 4 6 8 10 11 12 13 15 16 18 19 20
fvin 48 5 7 10 11 15 16 20
fvin 49 1 2 4 6 8 10 11 12 13 15 16 18 19 20
fvin 50 1 2 3 4 5 6 7 8 9 10 11 12 13 14 15 16 17 18 19 20
fvin 51 1 2 4 6 8 10 11 12 13 15 16 18 19 20
fvin 52 1 2 3 4 5 6 7 8 9 10 11 12 13 14 15 16 17 18 19 20
fvin 53 1 2 3 4 5 6 7 8 9 10 11 12 13 14 15 16 17 18 19 20
fvin 54 1 2 4 6 8 10 11 12 13 15 16 18 19 20
fvin 55 1 2 4 10 12 15 16 17 19 20
fvin 56 1 2 4 6 8 10 11 12 13 15 16 18 19 20
fvin 57 1 2 4 10 12 15 16 17 19 20
fvin 58 1 2 3 4 5 6 7 8 9 10 11 12 13 14 15 16 17 18 19 20
fvin 59 1 2 3 4 5 6 7 8 9 10 11 12 13 14 15 16 17 18 19 20
fvin 60 1 2 3 4 5 6 7 8 9 10 11 12 13 14 15 16 17 18 19 20
fvin 61 1 2 3 4 5 6 7 8 9 10 11 12 13 14 15 16 17 18 19 20
fvin 62 1 2 3 4 5 6 7 8 9 10 11 12 13 14 15 16 17 18 19 20
fvin 63 1 2 4 10 12 15 16 17 19 20
fvin 64 1 2 3 4 5 6 7 8 9 10 11 12 13 14 15 16 17 18 19 20
fvin 65 1 2 3 4 5 6 7 8 9 10 11 12 13 14 15 16 17 18 19 20
fvin 66 1 2 3 4 5 6 7 8 9 10 11 12 13 14 15 16 17 18 19 20
fvin 67 1 2 4 6 8 10 11 12 13 15 16 18 19 20
fvin 68 1 2 3 4 5 6 7 8 9 10 11 12 13 14 15 16 17 18 19 20
fvin 69 1 2 3 4 5 6 7 8 9 10 11 12 13 14 15 16 17 18 19 20
fvin 70 1 2 4 6 8 10 11 12 13 15 16 18 19 20
fvin 71 1 2 3 4 5 6 7 8 9 10 11 12 13 14 15 16 17 18 19 20
fvin 72 1 2 3 4 5 6 7 8 9 10 11 12 13 14 15 16 17 18 19 20
fvin 73 1 2 3 4 5 6 7 8 9 10 11 12 13 14 15 16 17 18 19 20
fvin 74 5 7 10 11 15 16 20
fvin 75 1 2 3 4 5 6 7 8 9 10 11 12 13 14 15 16 17 18 19 20
fvin 76 1 2 3 4 5 6 7 8 9 10 11 12 13 14 15 16 17 18 19 20
fvin 77 1 2 3 4 5 6 7 8 9 10 11 12 13 14 15 16 17 18 19 20
fvin 78 1 2 3 4 5 6 7 8 9 10 11 12 13 14 15 16 17 18 19 20
fvin 79 1 2 3 4 5 6 7 8 9 10 11 12 13 14 15 16 17 18 19 20
fvin 80 1 2 3 4 5 6 7 8 9 10 11 12 13 14 15 16 17 18 19 20
fvin 81 1 2 3 4 5 6 7 8 9 10 11 12 13 14 15 16 17 18 19 20
fvin 82 1 2 3 4 5 6 7 8 9 10 11 12 13 14 15 16 17 18 19 20
fvin 83 1 2 3 4 5 6 7 8 9 10 11 12 13 14 15 16 17 18 19 20
fvin 84 1 2 3 4 5 6 7 8 9 10 11 12 13 14 15 16 17 18 19 20
fvin 85 1 2 3 4 5 6 7 8 9 10 11 12 13 14 15 16 17 18 19 20
fvin 86 1 2 3 4 5 6 7 8 9 10 11 12 13 14 15 16 17 18 19 20
fvin 87 1 2 4 6 8 10 11 12 13 15 16 18 19 20
fvin 88 1 2 3 4 5 6 7 8 9 10 11 12 13 14 15 16 17 18 19 20
fvin 89 1 2 3 4 5 6 7 8 9 10 11 12 13 14 15 16 17 18 19 20
fvin 90 1 2 3 4 5 6 7 8 9 10 11 12 13 14 15 16 17 18 19 20
fvin 91 1 2 3 4 5 6 7 8 9 10 11 12 13 14 15 16 17 18 19 20
fvin 92 1 2 3 4 5 6 7 8 9 10 11 12 13 14 15 16 17 18 19 20
fvin 93 1 2 3 4 5 6 7 8 9 10 11 12 13 14 15 16 17 18 19 20
fvin 94 1 2 3 4 5 6 7 8 9 10 11 12 13 14 15 16 17 18 19 20
fvin 95 1 2 3 4 5 6 7 8 9 10 11 12 13 14 15 16 17 18 19 20
fvin 96 1 2 3 4 5 6 7 8 9 10 11 12 13 14 15 16 17 18 19 20
fvin 97 1 2 3 4 5 6 7 8 9 10 11 12 13 14 15 16 17 18 19 20
fvin 98 1 2 3 4 5 6 7 8 9 10 11 12 13 14 15 16 17 18 19 20
fvin 99 1 2 3 4 5 6 7 8 9 10 11 12 13 14 15 16 17 18 19 20
fvin 100 1 2 3 4 5 6 7 8 9 10 11 12 13 14 15 16 17 18 19 20
