fvin 1 1 3
fvin 2 3
fvin 3 2 3
fvin 4 3
fvin 5 1 3
fvin 6 2 3
