rdout 1 1
rdout 2 1 2
rdout 3 2 3
rdout 4 2 3
rdout 5 2 3
rdout 6 3 6
