rdout 1
rdout 2
rdout 3
rdout 4 4
rdout 5 4
rdout 6 4 6
rdout 7 4 6
rdout 8 4 6
rdout 9 4 6
rdout 10 4 6 10
rdout 11 4 6 10
rdout 12 4 6 10
rdout 13 4 6 10
rdout 14 4 6 10 14
rdout 15 4 6 10 14
rdout 16 4 6 10 14
rdout 17 4 6 10 14 17
rdout 18 4 6 10 14 17 18
rdout 19 4 10 14 17 18 19
rdout 20 4 10 14 17 18 19 20
rdout 21 4 10 14 17 18 19 20 21
rdout 22 4 10 14 17 18 19 20 21
rdout 23 4 10 14 17 18 19 20 21 23
rdout 24 4 10 14 17 18 19 20 21 23
rdout 25 4 10 14 17 18 19 20 21 23
rdout 26 4 10 14 17 18 19 20 21 23
rdout 27 4 10 14 17 18 19 20 21 23
rdout 28 4 10 14 17 18 19 20 21 23 28
rdout 29 4 10 14 17 18 19 20 21 23 28 29
rdout 30 4 10 14 17 18 19 20 21 23 28 29
rdout 31 4 10 14 17 18 19 20 21 23 28 29 31
rdout 32 4 10 14 17 18 19 20 21 28 29 31 32
rdout 33 4 10 14 17 18 19 20 21 28 29 31 32 33
rdout 34 4 10 14 17 18 19 20 21 28 29 31 32 33 34
rdout 35 4 10 14 17 18 19 20 21 28 29 32 33 34 35
rdout 36 4 10 14 17 18 19 20 21 28 29 32 33 34 35 36
rdout 37 4 10 14 17 18 19 20 21 28 29 32 33 34 35 36 37
rdout 38 4 10 14 17 18 19 20 21 28 29 32 33 34 35 36 37
rdout 39 4 10 14 17 18 19 20 21 28 29 32 33 34 35 37 39
rdout 40 4 10 14 17 18 19 20 21 28 29 32 33 34 35 37 39 40
rdout 41 4 10 14 17 18 19 20 21 28 29 32 33 34 35 37 39 40 41
rdout 42 4 10 14 17 18 19 20 21 28 29 32 33 34 35 37 39 40 41
rdout 43 4 10 14 17 18 19 20 21 28 29 32 33 34 35 37 39 40 41 43
rdout 44 4 10 14 17 18 19 20 21 28 29 32 33 34 35 37 39 40 41 43 44
rdout 45 4 10 14 17 18 19 20 21 28 29 32 33 34 35 37 39 40 41 43 44
rdout 46 4 10 14 17 18 19 20 21 28 29 32 33 34 35 37 39 40 41 43 44
rdout 47 4 10 14 17 18 19 20 21 28 29 32 33 34 35 37 39 40 41 43 44 47
rdout 48 4 10 14 17 18 19 20 21 28 29 32 33 34 35 37 39 40 41 43 44 47
rdout 49 4 10 14 17 18 19 20 21 28 32 33 34 35 37 39 40 41 43 44 47 49
rdout 50 4 10 14 17 18 19 20 21 28 32 33 34 35 37 39 40 41 43 44 47 49 50
rdout 51 4 10 14 17 18 19 20 21 28 32 33 34 35 37 39 40 41 43 44 47 50 51
rdout 52 4 10 14 17 18 19 20 21 28 32 33 34 35 37 39 40 41 43 44 47 50 51
rdout 53 4 10 14 17 18 19 20 21 28 32 33 34 35 37 39 40 41 43 44 47 50 51
rdout 54 4 10 14 17 18 19 20 21 28 32 33 34 35 37 39 40 41 43 44 47 50 51 54
rdout 55 4 10 14 17 18 19 20 21 28 32 33 34 35 37 39 40 41 43 44 47 50 51 54 55
rdout 56 4 10 14 17 18 19 20 21 28 32 33 34 35 37 39 40 41 43 44 47 50 51 54 55
rdout 57 4 10 14 17 18 19 20 21 28 32 33 34 35 37 39 40 41 43 44 47 50 51 54 55 57
rdout 58 4 10 14 17 18 19 20 21 28 32 33 34 35 37 39 40 41 43 44 47 50 51 54 55 57
rdout 59 4 10 14 17 18 19 20 21 28 32 33 34 35 37 39 40 41 43 44 47 50 51 54 55 57 59
rdout 60 4 10 14 17 18 19 20 21 28 32 33 34 35 37 39 40 41 43 44 47 50 51 54 55 57 59
rdout 61 4 10 14 17 18 19 20 21 28 32 33 34 35 37 39 40 41 43 44 47 50 51 54 55 57 59 61
rdout 62 4 10 14 17 18 19 20 21 28 32 33 34 35 37 39 40 41 43 44 47 50 51 54 55 57 59 61
rdout 63 4 10 14 17 18 19 20 21 28 32 33 34 35 37 39 40 41 43 44 47 50 51 54 55 57 59 61
rdout 64 4 10 14 17 18 19 20 21 28 32 33 34 35 37 39 40 41 43 44 47 50 51 54 55 57 59 61
rdout 65 4 10 14 17 18 19 20 21 28 32 33 34 35 37 39 40 41 43 44 47 50 51 54 55 57 59 61
rdout 66 4 10 14 17 18 19 20 21 28 32 33 34 35 37 39 40 41 43 44 47 50 51 54 55 57 59 61 66
rdout 67 4 10 14 17 18 19 20 21 28 32 33 34 35 37 39 40 41 43 44 47 50 51 54 55 57 59 61 66
rdout 68 4 10 14 17 18 19 20 21 28 32 33 34 35 37 39 40 41 43 44 47 50 51 54 55 57 59 61 66 68
rdout 69 4 10 14 17 18 19 20 21 28 32 33 34 35 37 39 40 41 43 44 47 50 51 54 55 57 59 61 66 68 69
rdout 70 4 10 14 17 18 19 20 21 28 32 33 34 35 37 39 40 41 43 44 47 50 51 54 55 57 59 61 66 68 69
rdout 71 4 10 14 17 18 19 20 21 28 32 33 34 35 37 39 40 41 43 44 47 50 51 54 55 57 59 61 66 68 69
rdout 72 4 10 14 17 18 19 20 21 28 32 33 34 35 37 39 40 41 43 44 47 50 51 54 55 57 59 61 66 68 69
rdout 73 10 14 17 18 19 20 21 28 32 33 34 35 37 39 40 41 43 44 47 50 51 54 55 57 59 61 66 68 69 73
rdout 74 10 14 17 18 19 20 21 28 32 33 34 35 37 39 40 41 43 44 47 50 51 54 55 57 59 61 66 68 69 73
rdout 75 14 17 18 19 20 21 28 32 33 34 35 37 39 40 41 43 44 47 50 51 54 55 57 59 61 66 68 69 73 75
rdout 76 14 17 18 19 20 21 28 32 33 34 35 37 39 40 41 43 44 47 50 51 54 55 57 59 61 66 68 69 73 75
rdout 77 14 17 18 19 20 21 28 32 33 34 35 37 39 40 41 43 44 47 50 51 54 55 57 59 61 66 68 69 73 75
rdout 78 14 17 18 19 20 21 28 32 33 34 35 37 39 40 41 43 44 47 50 51 54 55 57 59 61 66 68 69 73 75
rdout 79 14 17 18 19 20 21 28 32 33 34 35 37 39 40 41 43 44 47 50 51 54 55 57 59 61 66 68 69 73 75
rdout 80 14 17 18 19 20 21 28 32 33 34 35 37 39 40 41 43 44 47 50 51 54 55 57 59 61 66 68 69 73 75
rdout 81 14 17 18 19 20 21 28 32 33 34 35 37 39 40 41 43 44 47 50 51 54 55 57 59 61 66 68 69 73 75
rdout 82 14 17 18 19 20 21 28 32 33 34 35 37 39 40 41 43 44 47 50 51 54 55 57 59 61 66 68 69 73 75 82
rdout 83 14 17 18 19 20 21 28 32 33 34 35 37 39 40 41 44 47 50 51 54 55 57 59 61 66 68 69 73 75 82 83
rdout 84 14 17 18 19 20 21 28 32 33 34 35 37 39 40 41 44 47 50 51 54 55 57 59 61 66 68 69 73 75 82 83 84
rdout 85 14 17 18 19 20 21 28 32 33 34 35 37 39 40 41 44 47 50 51 54 55 57 59 61 66 68 69 73 75 82 83 84
rdout 86 14 17 18 19 20 21 28 32 33 34 35 37 39 40 41 44 47 50 51 54 55 57 59 61 66 68 69 73 75 82 83 84 86
rdout 87 14 17 18 19 20 21 28 32 33 34 35 37 39 40 41 44 47 50 51 54 55 57 59 61 66 68 69 73 75 82 83 84 86 87
rdout 88 14 17 18 19 20 21 28 32 33 34 35 37 39 40 41 44 47 50 51 54 55 57 59 61 66 68 69 73 75 82 83 84 86 87 88
rdout 89 14 17 18 19 20 21 28 32 33 34 35 37 39 40 41 44 47 50 51 54 55 57 59 61 66 68 69 73 75 82 83 84 86 87 88
rdout 90 14 17 18 19 20 21 28 32 33 34 35 37 39 40 41 44 47 50 51 54 55 57 59 61 66 68 69 73 75 82 83 84 86 87 88
rdout 91 14 17 18 19 20 21 28 32 33 34 35 37 39 40 41 44 47 50 51 54 55 57 59 61 66 68 69 73 75 82 83 84 86 87 88
rdout 92 14 17 18 19 20 21 28 32 33 34 35 37 39 40 41 47 50 51 54 55 57 59 61 66 68 69 73 75 82 83 84 86 87 88 92
rdout 93 14 17 18 19 20 21 28 32 33 34 35 37 39 40 41 47 50 51 54 55 57 59 61 66 68 69 73 75 82 83 84 86 87 88 92
rdout 94 14 17 18 19 20 21 28 32 33 34 35 37 39 40 41 47 50 51 54 55 57 59 61 66 68 69 73 75 82 83 84 86 87 88 92
rdout 95 14 17 18 19 20 21 28 32 33 34 35 37 39 40 41 47 50 51 54 55 57 59 61 66 68 69 73 75 82 83 84 86 87 88 92 95
rdout 96 14 17 18 19 20 21 28 32 33 34 35 37 39 40 41 47 50 51 54 55 57 59 61 66 68 69 73 75 82 83 84 86 87 88 92 95 96
rdout 97 14 17 18 19 20 21 28 32 33 34 35 37 39 40 41 47 50 51 54 55 57 59 61 66 68 69 73 75 82 83 84 86 87 88 92 95 96 97
rdout 98 14 17 18 19 20 21 28 32 33 34 35 37 39 40 41 47 50 51 54 55 57 59 61 66 68 69 73 75 82 83 84 86 87 88 92 95 96 97
rdout 99 14 17 18 19 20 21 28 32 33 34 35 37 39 40 41 47 50 51 54 55 57 59 61 66 68 69 73 75 82 83 84 86 87 88 92 95 96 97
rdout 100 14 17 18 19 20 21 28 32 33 34 35 37 39 40 41 47 50 51 54 55 57 59 61 66 68 69 73 75 82 83 84 86 87 88 92 95 96 97
