rdout 1
rdout 2
rdout 3
rdout 4
rdout 5 5
rdout 6 6
rdout 7 5
rdout 8
rdout 9 5 6
rdout 10 5 6
