rdout 1 1
rdout 2 1 2
rdout 3 1
rdout 4 1
rdout 5 1
rdout 6 1 2 6
rdout 7 1 2 6 7
rdout 8 1 2 6 7
rdout 9 1 2 6 7
rdout 10 1 2 6 7
rdout 11 1 2 11
rdout 12 1 2 6 7 12
rdout 13 1 2 6 7 12
rdout 14 1 2 6 7 12 14
rdout 15 1 2 6 7 12 15
rdout 16 1 2 6 7 12 15
rdout 17 1 2 6 7 12 14 15
rdout 18 1 2 6 7 12 14
rdout 19 1 2 6 7 12 14 19
rdout 20 1 2 6 7 20
rdout 21 1 2 6 7 12 14 15 19
rdout 22 1 2 6 7 12 14 15 19
rdout 23 1 2 6 7 12 14 19 20 23
rdout 24 1 2 6 7 12 14 15 19 24
rdout 25 1 2 6 7 12 14 15
rdout 26 1 2 6 7 12 14 15
rdout 27 1 2 6 7 12 14 15 19 27
rdout 28 1 2 6 7 11 12 14 15
rdout 29 1 2 6 7 12 14 15 19
rdout 30 1 2 6 7 12 14 15 19 30
rdout 31 1 2 6 7 11 12 14 15 19 24
rdout 32 1 2 6 7 11 12 14 15 19 24 27 30
rdout 33 1 2 6 7 11 12 14 15 19 24 27 30
rdout 34 1 2 6 7 12 14 15 19 20 34
rdout 35 1 2 6 7 11 12 14 15 19 24 35
rdout 36 1 2 6 7 12 14 15 36
rdout 37 1 2 6 7 11 12 14 15 19 20 24 30 34
rdout 38 1 2 6 7 11 12 14 15 19 20 24 27 30
rdout 39 1 2 6 7 12 14 15 19 27 39
rdout 40 1 2 6 7 11 12 14 15 19
rdout 41 1 2 6 7 12 14 15 19 41
rdout 42 1 2 6 7 11 12 14 15 19
rdout 43 1 2 6 7 11 12 14 15 19 24 27 30 43
rdout 44 1 2 6 7 11 12 14 15 19 20 23 24 27 30 44
rdout 45 1 2 6 7 11 12 14 15 19 20 24 30 34
rdout 46 1 2 6 7 12 14 15 19 46
rdout 47 1 2 6 7 11 12 14 15 19 24 27 30 43 47
rdout 48 1 2 6 7 11 12 14 15 19 24 27 30 43 48
rdout 49 1 2 6 7 12 14 15 19 24 49
rdout 50 1 2 6 7 11 12 14 15 19 24 27 30
rdout 51 1 2 6 7 12 14 15 19 41 51
rdout 52 1 2 6 7 11 12 14 15 19
rdout 53 1 2 6 7 11 12 14 15 19 24 27 30 43 53
rdout 54 1 2 6 7 11 12 14 15 19 20 24 30 34
rdout 55 1 2 6 7 11 12 14 15 55
rdout 56 1 2 6 7 11 12 14 15 19 24 27 30 43 56
rdout 57 1 2 6 7 11 12 14 15 19 24 27 30 39 41 43 53
rdout 58 1 2 6 7 11 12 14 15 19 24 27 30 36 41 43 47 49
rdout 59 1 2 6 7 11 12 14 15 19 24 27 30 39 41 43 51 53 59
rdout 60 1 2 6 7 11 12 14 15 19 20 24 27 30 34 35
rdout 61 1 2 6 7 11 12 14 15 19 20 23 24 27 30 55
rdout 62 1 2 6 7 12 14 15 19 62
rdout 63 1 2 6 7 11 12 14 15 19 20 23 24 27 30 34 41 55 63
rdout 64 1 2 6 7 12 14 15 19 20 34
rdout 65 1 2 6 7 11 12 14 15 24 27 30 43 53 62 65
rdout 66 1 2 6 7 11 12 14 15 19 24 27 30 43 48 66
rdout 67 1 2 6 7 11 12 14 15 19 20 23 24 27 30 34 39 41 43 44 53 56 67
rdout 68 1 2 6 7 11 12 14 15 19 24 27 30 41 43 48 51 66 68
rdout 69 1 2 6 7 11 12 14 15 19 24 27 30 43 47
rdout 70 1 2 6 7 11 12 14 15 19 20 24 30 34 70
rdout 71 1 2 6 7 11 12 14 15 19 24 27 30
rdout 72 1 2 6 7 11 12 14 15 19 24 27 35
rdout 73 1 2 6 7 11 12 14 15 19 24 36
rdout 74 1 2 6 7 11 12 14 15 19 20 24 34 35
rdout 75 1 2 6 7 11 12 14 15 19 20 24 27 30 34 41 43 48 51 66 68
rdout 76 1 2 6 7 11 12 14 15 19 20 23 24 27 30 34 35 41 43 48 51 55 63 66 68
rdout 77 1 2 6 7 12 14 15 19 24 49
rdout 78 1 2 6 7 11 12 14 15 19 20 24 27 30 36 39 41 43 51 53 56 59 62 65
rdout 79 1 2 6 7 11 12 14 15 19 20 23 24 27 30 43 44 47 49 53 79
rdout 80 1 2 6 7 11 12 14 15 19 20 24 30 34
rdout 81 1 2 6 7 11 12 14 15 55
rdout 82 1 2 6 7 11 12 14 15 19 20 23 24 27 30 34 35 41 43 48 51 55 63 66 68 82
rdout 83 1 2 6 7 11 12 14 15 19 20 23 24 27 30 34 43 48 53 83
rdout 84 1 6 7 11 12 14 15 19 20 23 24 27 30 36 41 43 48 55 66 84
rdout 85 1 2 6 7 11 12 14 15 19 20 23 24 27 30 34 35 41 43 44 47 48 49 51 53 55 63 66 68 79
rdout 86 1 2 6 7 11 12 14 15 19 20 24 27 30 34 35 36 39 43 47
rdout 87 1 2 6 7 11 12 14 15 19 20 23 24 27 30 34 35 41 43 48 51 55 63 66 68 82
rdout 88 1 2 7 11 12 14 15 19 20 24 27 30 36 41 55 88
rdout 89 1 2 6 7 11 12 14 15 19 20 24 27 30 34 36 41 43 46 48 51 55 66 68 89
rdout 90 1 2 6 7 11 12 14 15 19 27 39 90
rdout 91 1 2 6 7 11 12 14 15 19 20 23 24 27 30 34 39 41 43 44 53 55 56 67 91
rdout 92 1 2 6 7 11 12 14 15 19 24 27 30 43 53 62 65 92
rdout 93 1 2 6 7 11 12 14 15 19 20 23 24 27 30 34 35 36 39 41 43 44 48 51 53 55 56 63 66 67 68 82 91
rdout 94 1 2 6 7 11 12 14 15 19 20 23 24 27 30 34 36 39 41 43 48 51 53 55 56 59 62 65 83 90
rdout 95 1 2 6 7 11 12 14 15 19 24 27 30 43 56
rdout 96 1 2 6 7 11 12 14 15 19 20 24 27 30 34 36 39 41 43 47 48 49 51 53 56 59 62 65 96
rdout 97 1 2 6 7 12 14 15 19 27 39
rdout 98 1 2 6 7 11 12 14 15 19 20 23 24 27 30 34 35 36 39 41 43 47 48 51 55 63 66 68 70
rdout 99 1 2 6 7 11 12 14 15 19 20 23 24 27 30 34 35 36 39 41 43 44 48 51 53 55 56 63 66 67 68 82 91
rdout 100 1 2 6 7 11 12 14 15 19 20 23 24 27 30 34 35 36 39 41 43 44 46 47 48 49 51 53 55 56 59 62 63 65 66 67 68 70 79 82 83 84 88 89 90 91 92 96
