rdout 1 1
rdout 2 1 3 4
rdout 3 1 3 4
rdout 4 3 4
rdout 5 1 3 4 6 7
rdout 6 1 4 6 7
rdout 7 6 7
rdout 8 1 3 4 6 7
